[backblue.gif]
[fade.gif]
[index.html]
[localhost/GardenMaintenance/feed/index.html]
[localhost/GardenMaintenance/comments/feed/index.html]
[localhost/GardenMaintenance/wp-content/uploads/2020/01/projects-08.jpg]
[localhost/GardenMaintenance/wp-includes/js/jquery/jquery4a5f.js]
[localhost/GardenMaintenance/wp-includes/js/jquery/jquery-migrate.min330a.js]
[localhost/GardenMaintenance/wp-includes/js/imagesloaded.min9dff.js]
[localhost/GardenMaintenance/xmlrpc0db0.php]
[localhost/GardenMaintenance/wp-json/index.html]
[localhost/GardenMaintenance/wp-includes/wlwmanifest.xml]
[localhost/GardenMaintenance/wp-json/oembed/1.0/embedd126.json]
[localhost/GardenMaintenance/wp-json/oembed/1.0/embede6e8]
[localhost/GardenMaintenance/wp-content/uploads/2020/01/cropped-Garden-Center-2-32x32.png]
[localhost/GardenMaintenance/wp-content/uploads/2020/01/cropped-Garden-Center-2-192x192.png]
[localhost/GardenMaintenance/wp-content/uploads/2020/01/cropped-Garden-Center-2-180x180.png]
[localhost/GardenMaintenance/wp-content/uploads/2020/01/cropped-Garden-Center-1-2-129x43.png]
[garden.org/i/p/leaf.png]
[localhost/GardenMaintenance/wp-content/uploads/2020/01/projects-04.jpg]
[localhost/GardenMaintenance/wp-content/uploads/2020/01/projects-03.jpg]
[localhost/GardenMaintenance/wp-content/uploads/2020/01/projects-02.jpg]
[localhost/GardenMaintenance/wp-content/themes/astra/assets/js/minified/style.min77e6.js]
[localhost/GardenMaintenance/wp-content/uploads/bb-plugin/cache/86-layoutdb97.js]
[localhost/GardenMaintenance/wp-includes/js/wp-embed.min9dff.js]
[localhost/GardenMaintenance/index.html]
[localhost/GardenMaintenance/wp-content/themes/astra/assets/css/minified/style.min77e6.css]
[localhost/GardenMaintenance/wp-includes/css/dist/block-library/style.min9dff.css]
[localhost/GardenMaintenance/wp-content/uploads/bb-plugin/icons/ultimate-icons/fonts/Ultimate-Iconsc85f.ttf]
[localhost/GardenMaintenance/wp-content/uploads/bb-plugin/icons/ultimate-icons/fonts/Ultimate-Iconsc85f.woff]
[localhost/GardenMaintenance/wp-content/uploads/bb-plugin/icons/ultimate-icons/stylec936.css]
[localhost/GardenMaintenance/wp-content/plugins/beaver-builder-lite-version/fonts/fontawesome/5.12.0/webfonts/fa-brands-400.eot]
[localhost/GardenMaintenance/wp-content/plugins/beaver-builder-lite-version/fonts/fontawesome/5.12.0/webfonts/fa-brands-400.woff2]
[localhost/GardenMaintenance/wp-content/plugins/beaver-builder-lite-version/fonts/fontawesome/5.12.0/webfonts/fa-brands-400.woff]
[localhost/GardenMaintenance/wp-content/plugins/beaver-builder-lite-version/fonts/fontawesome/5.12.0/webfonts/fa-brands-400d41d.eot]
[localhost/GardenMaintenance/wp-content/plugins/beaver-builder-lite-version/fonts/fontawesome/5.12.0/webfonts/fa-brands-400.ttf]
[localhost/GardenMaintenance/wp-content/plugins/beaver-builder-lite-version/fonts/fontawesome/5.12.0/webfonts/fa-regular-400.eot]
[localhost/GardenMaintenance/wp-content/plugins/beaver-builder-lite-version/fonts/fontawesome/5.12.0/webfonts/fa-regular-400.woff2]
[localhost/GardenMaintenance/wp-content/plugins/beaver-builder-lite-version/fonts/fontawesome/5.12.0/webfonts/fa-regular-400d41d.eot]
[localhost/GardenMaintenance/wp-content/plugins/beaver-builder-lite-version/fonts/fontawesome/5.12.0/webfonts/fa-regular-400.woff]
[localhost/GardenMaintenance/wp-content/plugins/beaver-builder-lite-version/fonts/fontawesome/5.12.0/webfonts/fa-regular-400.ttf]
[localhost/GardenMaintenance/wp-content/plugins/beaver-builder-lite-version/fonts/fontawesome/5.12.0/webfonts/fa-solid-900.eot]
[localhost/GardenMaintenance/wp-content/plugins/beaver-builder-lite-version/fonts/fontawesome/5.12.0/webfonts/fa-solid-900.woff2]
[localhost/GardenMaintenance/wp-content/plugins/beaver-builder-lite-version/fonts/fontawesome/5.12.0/webfonts/fa-solid-900d41d.eot]
[localhost/GardenMaintenance/wp-content/plugins/beaver-builder-lite-version/fonts/fontawesome/5.12.0/webfonts/fa-solid-900.woff]
[localhost/GardenMaintenance/wp-content/plugins/beaver-builder-lite-version/fonts/fontawesome/5.12.0/webfonts/fa-solid-900.ttf]
[localhost/GardenMaintenance/wp-content/plugins/beaver-builder-lite-version/fonts/fontawesome/5.12.0/css/all.minc936.css]
[localhost/GardenMaintenance/wp-content/plugins/beaver-builder-lite-version/fonts/fontawesome/5.12.0/css/v4-shims.minc936.css]
[localhost/GardenMaintenance/wp-content/uploads/2020/01/gardener-about-img.jpg]
[localhost/GardenMaintenance/wp-content/uploads/bb-plugin/cache/86-layoutdb97.css]
[localhost/GardenMaintenance/wp-json/oembed/1.0/embedcda2.json]
[localhost/GardenMaintenance/wp-json/oembed/1.0/embedb8cc]
[localhost/GardenMaintenance/about/index.html]
[localhost/GardenMaintenance/wp-content/uploads/bb-plugin/cache/316-layout7b68.js]
[localhost/GardenMaintenance/wp-json/oembed/1.0/embed69e5.json]
[localhost/GardenMaintenance/wp-json/oembed/1.0/embedcb37]
[localhost/GardenMaintenance/wp-content/plugins/beaver-builder-lite-version/js/jquery.waypoints.minc936.js]
[localhost/GardenMaintenance/wp-content/uploads/bb-plugin/cache/317-layoute273.js]
[localhost/GardenMaintenance/services/index.html]
[localhost/GardenMaintenance/wp-json/oembed/1.0/embed9616.json]
[localhost/GardenMaintenance/wp-json/oembed/1.0/embeda79c]
[localhost/GardenMaintenance/wp-content/uploads/2020/01/projects-09.jpg]
[localhost/GardenMaintenance/wp-content/uploads/2018/10/projects-06-free-img.jpg]
[localhost/GardenMaintenance/wp-content/uploads/2020/01/projects-06.jpg]
[localhost/GardenMaintenance/wp-content/uploads/2020/01/projects-07.jpg]
[localhost/GardenMaintenance/wp-content/uploads/2020/01/projects-11.jpg]
[localhost/GardenMaintenance/wp-content/uploads/bb-plugin/cache/318-layout87a9.js]
[localhost/GardenMaintenance/projects/index.html]
[localhost/GardenMaintenance/wp-json/oembed/1.0/embed7e62.json]
[localhost/GardenMaintenance/wp-json/oembed/1.0/embed8793]
[localhost/GardenMaintenance/wp-content/uploads/bb-plugin/cache/11-layout278f.js]
[localhost/GardenMaintenance/wp-content/plugins/wpforms-lite/assets/js/jquery.validate.minb3a6.js]
[localhost/GardenMaintenance/wp-content/plugins/wpforms-lite/assets/js/mailcheck.mincfa9.js]
[localhost/GardenMaintenance/wp-content/plugins/wpforms-lite/assets/js/wpforms82fc.js]
[localhost/GardenMaintenance/contact/index.html]
[localhost/GardenMaintenance/wp-content/plugins/astra-widgets/assets/css/minified/astra-widget-social-profiles.min9dff.css]
[localhost/GardenMaintenance/wp-content/uploads/bb-plugin/icons/ultimate-icons/fonts/Ultimate-Iconsc85f.svg]
[localhost/GardenMaintenance/wp-content/plugins/beaver-builder-lite-version/fonts/fontawesome/5.12.0/webfonts/fa-brands-400.svg]
[localhost/GardenMaintenance/wp-content/plugins/beaver-builder-lite-version/fonts/fontawesome/5.12.0/webfonts/fa-regular-400.svg]
[localhost/GardenMaintenance/wp-content/plugins/beaver-builder-lite-version/fonts/fontawesome/5.12.0/webfonts/fa-solid-900.svg]
[localhost/GardenMaintenance/wp-content/uploads/2020/01/about-us-bg.jpg]
[localhost/GardenMaintenance/wp-content/uploads/bb-plugin/cache/316-layout7b68.css]
[localhost/GardenMaintenance/index258b.html]
[localhost/GardenMaintenance/wp-content/plugins/ultimate-addons-for-beaver-builder-lite/modules/info-list/css/animate.css]
[localhost/GardenMaintenance/wp-content/uploads/2020/01/services-bg.jpg]
[localhost/GardenMaintenance/wp-content/uploads/bb-plugin/cache/317-layoute273.css]
[localhost/GardenMaintenance/index4ef8.html]
[localhost/GardenMaintenance/wp-content/uploads/2020/01/projects-bg.jpg]
[localhost/GardenMaintenance/wp-content/uploads/bb-plugin/cache/318-layout87a9.css]
[localhost/GardenMaintenance/indexcb8c.html]
[localhost/GardenMaintenance/wp-content/uploads/2020/01/contact-bg.jpg]
[localhost/GardenMaintenance/wp-content/uploads/bb-plugin/cache/11-layout278f.css]
[localhost/GardenMaintenance/wp-content/plugins/wpforms-lite/assets/css/wpforms-base82fc.css]
[localhost/GardenMaintenance/index5757.html]
